optimization of topology, BL and inheritance probabilities using:
 hmax = 2,
 tolerance parameters: ftolRel=1.0e-6, ftolAbs=1.0e-6,
                       xtolAbs=0.001, xtolRel=0.01.
 max number of failed proposals = 75, liktolAbs = 1.0e-6.
rootname for files: /mnt/dv/wid/projects4/SolisLemus-snaq2/empirical-cui/condor/snaq_outputs_pq0.7/cui_net_2hyb
BEGIN: 10 runs on starting tree (Xalvarezi,Xmayae,((Xsignum,((Xmonticolus,(Xclemenciae_F2,#H25:::0.032485577051040423):0.979116879342896):1.4858786525152954,(((((((((Xgordoni,Xmeyeri):0.26111415598145865,Xcouchianus):3.5325554148283564,Xvariatus):0.6445452395880061,Xevelynae):0.41219807813960146,(Xxiphidium,#H24:0.0::0.16538333427567822):1.4020042304402076):0.2921320715527958,Xmilleri):0.4688709909949548,Xandersi):0.6492623942884177,Xmaculatus):1.0200542801748702,(((Xmontezumae,(Xcortezi,(Xbirchmanni_GARC,Xmalinche_CHIC2):0.8943004029517725):0.6903622798656042):0.4926275928330048,((Xnigrensis,Xmultilineatus):1.4508210422790195,(Xpygmaeus,Xcontinens):1.9686498919562234):2.428065080719157):2.0435103751744865)#H24:0.6476450483433508::0.8346166657243218):0.7816554661308311):1.9841381634366537):0.31614675520900004,(Xhellerii)#H25:::0.9675144229489596):0.28226883225049243);
       using 4 processors

main seed 42
seed: 42 for run 1
seed: 17357 for run 2
seed: 32166 for run 3
seed: 25858 for run 4
seed: 16643 for run 5
seed: 52701 for run 6
seed: 48302 for run 7
seed: 39066 for run 8
seed: 80276 for run 9
seed: 72198 for run 10

2026-02-04 15:49:12.938
MaxNet is (Xclemenciae_F2,#H25:1.154439118683057::0.028706880099683273,(Xmonticolus,((((((((((Xgordoni,Xmeyeri):0.26066514812534713,Xcouchianus):3.506370046835811,Xvariatus):0.6465317187581102,Xevelynae):0.40928081579597964,(Xxiphidium,#H24:0.0::0.1642476525242362):1.4550990040561356):0.2935933691514216,Xmilleri):0.47787742502305275,Xandersi):0.6393282893320047,Xmaculatus):1.0116005431379511,(((Xmontezumae,(Xcortezi,(Xbirchmanni_GARC,Xmalinche_CHIC2):0.8973854810898609):0.6941993953260812):0.48821915065015836,((Xnigrensis,Xmultilineatus):1.420761384328823,(Xpygmaeus,Xcontinens):1.933688433265671):2.417285875732015):2.034017560919193)#H24:0.6729614683063501::0.8357523474757638):0.7713297074658905,(Xsignum,((Xhellerii,(Xalvarezi,Xmayae):0.35178184905307636):0.18173314328360182)#H25:0.1369975384779382::0.9712931199003167):2.220606073883585):1.5597777858276993):2.6737501635281204); 
with -loglik 5434.896035781064
