optimization of topology, BL and inheritance probabilities using:
 hmax = 2,
 tolerance parameters: ftolRel=1.0e-6, ftolAbs=1.0e-6,
                       xtolAbs=0.001, xtolRel=0.01.
 max number of failed proposals = 75, liktolAbs = 1.0e-6.
rootname for files: /mnt/dv/wid/projects4/SolisLemus-snaq2/empirical-cui/condor/snaq_outputs_pq0.1/cui_net_2hyb
BEGIN: 10 runs on starting tree (Xalvarezi,Xmayae,((Xsignum,((Xmonticolus,(Xclemenciae_F2,#H25:::0.032485577051040423):0.979116879342896):1.4858786525152954,(((((((((Xgordoni,Xmeyeri):0.26111415598145865,Xcouchianus):3.5325554148283564,Xvariatus):0.6445452395880061,Xevelynae):0.41219807813960146,(Xxiphidium,#H24:0.0::0.16538333427567822):1.4020042304402076):0.2921320715527958,Xmilleri):0.4688709909949548,Xandersi):0.6492623942884177,Xmaculatus):1.0200542801748702,(((Xmontezumae,(Xcortezi,(Xbirchmanni_GARC,Xmalinche_CHIC2):0.8943004029517725):0.6903622798656042):0.4926275928330048,((Xnigrensis,Xmultilineatus):1.4508210422790195,(Xpygmaeus,Xcontinens):1.9686498919562234):2.428065080719157):2.0435103751744865)#H24:0.6476450483433508::0.8346166657243218):0.7816554661308311):1.9841381634366537):0.31614675520900004,(Xhellerii)#H25:::0.9675144229489596):0.28226883225049243);
       using 4 processors

main seed 42
seed: 42 for run 1
seed: 17357 for run 2
seed: 32166 for run 3
seed: 25858 for run 4
seed: 16643 for run 5
seed: 52701 for run 6
seed: 48302 for run 7
seed: 39066 for run 8
seed: 80276 for run 9
seed: 72198 for run 10

2026-02-02 21:34:36.557
MaxNet is (Xalvarezi,Xmayae,((Xsignum,((((((((((Xgordoni,Xmeyeri):0.2680272103630268,Xcouchianus):3.4616403762631722,Xvariatus):0.6693507730912974,Xevelynae):0.4032566034451736,(Xxiphidium,#H24:3.033047368741993e-5::0.17493083200044557):1.1736028144601216):0.3389174326990128,Xmilleri):0.420753302220205,Xandersi):0.7097419693769603,Xmaculatus):1.0340182805970493,(((Xmontezumae,(Xcortezi,(Xbirchmanni_GARC,Xmalinche_CHIC2):0.8870233114851921):0.6863406896851637):0.4678149308245079,((Xnigrensis,Xmultilineatus):1.468958715977512,(Xpygmaeus,Xcontinens):2.108937890174428):2.3869029883294):2.130307628432151)#H24:0.48513599308564925::0.8250691679995544):0.7724484284261355,(#H25:::0.02828514098518795,(Xmonticolus,Xclemenciae_F2):0.028148048358255438):1.4642297163683988):1.9689195923270684):0.31676658316821854,(Xhellerii)#H25:::0.971714859014812):0.2502146232440751); 
with -loglik 685.4330520843658
